C51 COMPILER V9.60.7.0   TWO                                                               04/22/2024 15:34:25 PAGE 1   


C51 COMPILER V9.60.7.0, COMPILATION OF MODULE TWO
OBJECT MODULE PLACED IN .\Objects\Two.obj
COMPILER INVOKED BY: F:\C51\BIN\C51.EXE Two.c OPTIMIZE(8,SPEED) BROWSE DEBUG OBJECTEXTEND PRINT(.\Listings\Two.lst) TABS
                    -(2) OBJECT(.\Objects\Two.obj)

line level    source

   1          #include<reg51.h>
   2          
   3          char arr[]={0x3F, 0x06, 0x5B, 0x4F, 0x66, 0x6D, 0x7D, 0x07, 0x7F, 0x6F};
   4          
   5          sbit D1=P1^0;
   6          sbit D2=P1^1;
   7          
   8          void delay(unsigned long int d)
   9          { while(d--);
  10   1      }
  11          
  12          void main ()
  13          { char n,count,c;
  14   1        int i;
  15   1          while(1)
  16   1          { for(n=0; n<100; n++)
  17   2            { for(i=0; i<100; i++)
  18   3              { P2= arr[n/10];
  19   4                D1=0; delay(50);  D1=1;
  20   4              
  21   4                P2= arr[n%10];
  22   4                D2=0; delay(50);  D2=1;
  23   4              }
  24   3            }     
  25   2          }   
  26   1      }
*** WARNING C280 IN LINE 13 OF Two.c: 'count': unreferenced local variable
*** WARNING C280 IN LINE 13 OF Two.c: 'c': unreferenced local variable


MODULE INFORMATION:   STATIC OVERLAYABLE
   CODE SIZE        =     93    ----
   CONSTANT SIZE    =   ----    ----
   XDATA SIZE       =   ----    ----
   PDATA SIZE       =   ----    ----
   DATA SIZE        =     10       6
   IDATA SIZE       =   ----    ----
   BIT SIZE         =   ----    ----
END OF MODULE INFORMATION.


C51 COMPILATION COMPLETE.  2 WARNING(S),  0 ERROR(S)
